<testsuites id="" name="" tests="1" failures="0" skipped="1" errors="0" time="11.361688999999954">
<testsuite name="_setupApi.spec.ts" timestamp="1675540078417" hostname="" tests="1" failures="0" skipped="1" time="0" errors="0">
<testcase name="setup test e2e admin set WpSettings" classname="[chromium] › _setupApi.spec.ts › setup test e2e › admin set WpSettings" time="0">
<skipped>
</skipped>
</testcase>
</testsuite>
</testsuites>